// Jest Snapshot v1, https://goo.gl/fbAQLP

exports[`render properly 1`] = `
<div
  style={
    Object {
      "height": "auto",
      "overflow": "hidden",
      "position": "relative",
      "touchAction": "none",
      "userSelect": "auto",
      "width": "auto",
    }
  }
>
  <div
    onMouseDown={[Function]}
    onTouchStart={[Function]}
    style={
      Object {
        "cursor": "col-resize",
        "height": "100%",
        "position": "absolute",
        "right": -5,
        "top": 0,
        "width": 20,
        "zIndex": 1,
      }
    }
  />
  <div
    onMouseDown={[Function]}
    onTouchStart={[Function]}
    style={
      Object {
        "bottom": -5,
        "cursor": "row-resize",
        "height": 20,
        "left": 0,
        "position": "absolute",
        "width": "100%",
        "zIndex": 1,
      }
    }
  />
  <div
    onMouseDown={[Function]}
    onTouchStart={[Function]}
    style={
      Object {
        "bottom": -5,
        "cursor": "nwse-resize",
        "height": 20,
        "position": "absolute",
        "right": -5,
        "width": 20,
        "zIndex": 2,
      }
    }
  />
  <div />
</div>
`;
