// Jest Snapshot v1, https://goo.gl/fbAQLP

exports[`render properly 1`] = `
<div
  style={
    Object {
      "backgroundColor": "pink",
      "height": "autopx",
      "margin": "2em",
      "overflow": "hidden",
      "position": "relative",
      "touchAction": "none",
      "userSelect": "auto",
      "width": "autopx",
    }
  }
>
  <div
    onMouseDown={[Function]}
    onTouchStart={[Function]}
    role="button"
    style={
      Object {
        "backgroundColor": "blue",
        "cursor": "col-resize",
        "height": "100%",
        "opacity": 0.4,
        "position": "absolute",
        "right": -5,
        "top": 0,
        "width": "20px",
      }
    }
    tabIndex={-1}
  />
  <div
    onMouseDown={[Function]}
    onTouchStart={[Function]}
    role="button"
    style={
      Object {
        "backgroundColor": "red",
        "bottom": -5,
        "cursor": "row-resize",
        "height": "20px",
        "left": 0,
        "opacity": 0.4,
        "position": "absolute",
        "width": "100%",
      }
    }
    tabIndex={-1}
  />
  <div
    onMouseDown={[Function]}
    onTouchStart={[Function]}
    role="button"
    style={
      Object {
        "backgroundColor": "green",
        "bottom": -5,
        "cursor": "nwse-resize",
        "height": "20px",
        "position": "absolute",
        "right": -5,
        "width": "20px",
        "zIndex": 100,
      }
    }
    tabIndex={-1}
  />
  <div />
</div>
`;
